[36mvite v5.4.21 [32mbuilding for production...[36m[39m
transforming...
[32mΓ£ô[39m 3 modules transformed.
node.exe : [31mx[39m Build failed in 1.60s
At line:1 char:1
+ & "C:\Program Files\nodejs/node.exe" "C:\Program Files\nodejs/node_mo ...
+ ~~~~~~~~~~~~~~~~~~~~~~~~~~~~~~~~~~~~~~~~~~~~~~~~~~~~~~~~~~~~~~~~~~~~~
    + CategoryInfo          : NotSpecified: ([31mx[39m Build failed in 1.60s:String) [], RemoteException
    + FullyQualifiedErrorId : NativeCommandError
 
[31merror during build:
[31m[vite:esbuild] Transform failed with 3 errors:
C:/Users/Lenovo/Desktop/lizzy's archive/src/App.tsx:44:6: ERROR: Unexpected closing "QueryClientProvider" tag does not match opening 
"AuthProvider" tag
C:/Users/Lenovo/Desktop/lizzy's archive/src/App.tsx:45:4: ERROR: Unexpected closing "ThemeProvider" tag does not match opening 
"QueryClientProvider" tag
C:/Users/Lenovo/Desktop/lizzy's archive/src/App.tsx:49:0: ERROR: Unexpected end of file before a closing "ThemeProvider" tag[31m
file: [36mC:/Users/Lenovo/Desktop/lizzy's archive/src/App.tsx:44:6[31m
[33m
[33mUnexpected closing "QueryClientProvider" tag does not match opening "AuthProvider" tag[33m
42 |          </PlayerProvider>
43 |        </TooltipProvider>
44 |      </QueryClientProvider>
   |        ^
45 |    </ThemeProvider>
46 |  );

[33mUnexpected closing "ThemeProvider" tag does not match opening "QueryClientProvider" tag[33m
43 |        </TooltipProvider>
44 |      </QueryClientProvider>
45 |    </ThemeProvider>
   |      ^
46 |  );
47 |  

[33mUnexpected end of file before a closing "ThemeProvider" tag[33m
47 |  
48 |  export default App;
49 |  
   |  ^
[31m
    at failureErrorWithLog (C:\Users\Lenovo\Desktop\lizzy's archive\node_modules\vite\node_modules\esbuild\lib\main.js:1472:15)
    at C:\Users\Lenovo\Desktop\lizzy's archive\node_modules\vite\node_modules\esbuild\lib\main.js:755:50
    at responseCallbacks.<computed> (C:\Users\Lenovo\Desktop\lizzy's archive\node_modules\vite\node_modules\esbuild\lib\main.js:622:9)
    at handleIncomingPacket (C:\Users\Lenovo\Desktop\lizzy's archive\node_modules\vite\node_modules\esbuild\lib\main.js:677:12)
    at Socket.readFromStdout (C:\Users\Lenovo\Desktop\lizzy's archive\node_modules\vite\node_modules\esbuild\lib\main.js:600:7)
    at Socket.emit (node:events:508:28)
    at addChunk (node:internal/streams/readable:563:12)
    at readableAddChunkPushByteMode (node:internal/streams/readable:514:3)
    at Readable.push (node:internal/streams/readable:394:5)
    at Pipe.onStreamRead (node:internal/stream_base_commons:189:23)[39m
